
     ######################################################################
   ##########################################################################
  ###                                                                      ###
 ###            TINKER  ---  Software Tools for Molecular Design            ###
 ##                                                                          ##
 ##                        Version 8.4  February 2018                        ##
 ##                                                                          ##
 ##               Copyright (c)  Jay William Ponder  1990-2018               ##
 ###                           All Rights Reserved                          ###
  ###                                                                      ###
   ##########################################################################
     ######################################################################


 Additional Atomic Dipole Polarizability Parameters :

     Atom Type           Alpha        Damp     Group Atom Types

       441               0.783       0.390         442
       442               0.359       0.390         441

 Additional CT-Charge Parameters :

     Atom Class           C6
        34           1000.0000
        35            100.0000

 Additional CT Damping Parameters: 

     Atom Class          Alpha
        34              4.0000
        35              3.5000

 Additional C6 Dispersion Parameters :

     Atom Class           C6
        34             21.2904
        35              4.4414

 Additional Pauli Size Parameters :

     Atom Class           C6
        34              4.2397
        35              1.4295

 Additional Pauli Damping Parameters: 

     Atom Class          Alpha
        34              4.6712
        35              4.2841

 Additional Pauli Valence Electron Parameters: 

     Atom Class          Val
        34              1.6558

 Total Potential Energy :                 -5.825620 Kcal/mole

 Potential Energy Breakdown by Individual Components :

  Energy      EB            EA            EBA           EUB           EAA
  Terms       EOPB          EOPD          EID           EIT           ET
              EPT           EBT           EAT           ETT           EV
              EC            ECD           ED            EM            EP
              ER            ES            ELF           EG            EX
              EDIS          EPR

            0.025695      0.746078      0.000000     -0.028794      0.000000
            0.000000      0.000000      0.000000      0.000000      0.000000
            0.000000      0.000000      0.000000      0.000000      0.000000
            0.000000      0.000000      0.000000     -8.039141     -1.135259
            0.000000      0.000000      0.000000      0.000000     -1.240469
           -2.437237      6.283506

 Cartesian Gradient Breakdown by Individual Components :

  Atom        d EB          d EA          d EBA         d EUB         d EAA
  Axis        d EOPB        d EOPD        d EID         d EIT         d ET
  Type        d EPT         d EBT         d EAT         d ETT         d EV
              d EC          d ECD         d ED          d EM          d EP
              d ER          d ES          d ELF         d EG          d EX
              d EDIS        d EPR

     1      1.839267     -9.621609      0.000000      0.000000      0.000000
     X      0.000000      0.000000      0.000000      0.000000      0.000000
 Anlyt      0.000000      0.000000      0.000000      0.000000      0.000000
            0.000000      0.000000      0.000000      0.796184     -0.016276
            0.000000      0.000000      0.000000      0.000000      0.045179
            0.540133     -0.981203

     1      1.839267     -9.621609      0.000000      0.000000      0.000000
     X      0.000000      0.000000      0.000000      0.000000      0.000000
 Numer      0.000000      0.000000      0.000000      0.000000      0.000000
            0.000000      0.000000      0.000000      0.796184     -0.016276
            0.000000      0.000000      0.000000      0.000000      0.045179
            0.540133     -0.981203

     1     -0.002959     -0.016103      0.000000      0.000000      0.000000
     Y      0.000000      0.000000      0.000000      0.000000      0.000000
 Anlyt      0.000000      0.000000      0.000000      0.000000      0.000000
            0.000000      0.000000      0.000000      0.001324      0.000136
            0.000000      0.000000      0.000000      0.000000     -0.000047
           -0.000711      0.000784

     1     -0.002959     -0.016103      0.000000      0.000000      0.000000
     Y      0.000000      0.000000      0.000000      0.000000      0.000000
 Numer      0.000000      0.000000      0.000000      0.000000      0.000000
            0.000000      0.000000      0.000000      0.001324      0.000136
            0.000000      0.000000      0.000000      0.000000     -0.000047
           -0.000711      0.000784

     1     -6.251967    -12.134329      0.000000      0.000000      0.000000
     Z      0.000000      0.000000      0.000000      0.000000      0.000000
 Anlyt      0.000000      0.000000      0.000000      0.000000      0.000000
            0.000000      0.000000      0.000000      0.991887      0.210741
            0.000000      0.000000      0.000000      0.000000     -0.116626
           -1.612431      2.208789

     1     -6.251966    -12.134329      0.000000      0.000000      0.000000
     Z      0.000000      0.000000      0.000000      0.000000      0.000000
 Numer      0.000000      0.000000      0.000000      0.000000      0.000000
            0.000000      0.000000      0.000000      0.991887      0.210741
            0.000000      0.000000      0.000000      0.000000     -0.116626
           -1.612431      2.208789

     2     -1.463619      9.570363      0.000000     -0.534498      0.000000
     X      0.000000      0.000000      0.000000      0.000000      0.000000
 Anlyt      0.000000      0.000000      0.000000      0.000000      0.000000
            0.000000      0.000000      0.000000      4.278257      0.975731
            0.000000      0.000000      0.000000      0.000000      1.441358
            1.232304     -7.074063

     2     -1.463619      9.570363      0.000000     -0.534498      0.000000
     X      0.000000      0.000000      0.000000      0.000000      0.000000
 Numer      0.000000      0.000000      0.000000      0.000000      0.000000
            0.000000      0.000000      0.000000      4.278257      0.975731
            0.000000      0.000000      0.000000      0.000000      1.441358
            1.232304     -7.074063

     2      0.003253      0.009095      0.000000     -0.000118      0.000000
     Y      0.000000      0.000000      0.000000      0.000000      0.000000
 Anlyt      0.000000      0.000000      0.000000      0.000000      0.000000
            0.000000      0.000000      0.000000     -0.006965     -0.001281
            0.000000      0.000000      0.000000      0.000000     -0.001641
           -0.001335      0.007131

     2      0.003253      0.009095      0.000000     -0.000118      0.000000
     Y      0.000000      0.000000      0.000000      0.000000      0.000000
 Numer      0.000000      0.000000      0.000000      0.000000      0.000000
            0.000000      0.000000      0.000000     -0.006965     -0.001281
            0.000000      0.000000      0.000000      0.000000     -0.001641
           -0.001335      0.007131

     2      6.250020      2.241166      0.000000      0.428293      0.000000
     Z      0.000000      0.000000      0.000000      0.000000      0.000000
 Anlyt      0.000000      0.000000      0.000000      0.000000      0.000000
            0.000000      0.000000      0.000000    -14.666418     -2.908530
            0.000000      0.000000      0.000000      0.000000     -3.938435
           -3.271256     18.017410

     2      6.250020      2.241166      0.000000      0.428293      0.000000
     Z      0.000000      0.000000      0.000000      0.000000      0.000000
 Numer      0.000000      0.000000      0.000000      0.000000      0.000000
            0.000000      0.000000      0.000000    -14.666418     -2.908530
            0.000000      0.000000      0.000000      0.000000     -3.938435
           -3.271256     18.017410

     3     -0.375648      0.051246      0.000000      0.534498      0.000000
     X      0.000000      0.000000      0.000000      0.000000      0.000000
 Anlyt      0.000000      0.000000      0.000000      0.000000      0.000000
            0.000000      0.000000      0.000000      0.585238      0.156370
            0.000000      0.000000      0.000000      0.000000      0.018306
            0.079396     -0.134315

     3     -0.375648      0.051246      0.000000      0.534498      0.000000
     X      0.000000      0.000000      0.000000      0.000000      0.000000
 Numer      0.000000      0.000000      0.000000      0.000000      0.000000
            0.000000      0.000000      0.000000      0.585238      0.156370
            0.000000      0.000000      0.000000      0.000000      0.018306
            0.079396     -0.134315

     3     -0.000294      0.007008      0.000000      0.000118      0.000000
     Y      0.000000      0.000000      0.000000      0.000000      0.000000
 Anlyt      0.000000      0.000000      0.000000      0.000000      0.000000
            0.000000      0.000000      0.000000     -0.000273      0.000001
            0.000000      0.000000      0.000000      0.000000     -0.000005
           -0.000021      0.000216

     3     -0.000294      0.007008      0.000000      0.000118      0.000000
     Y      0.000000      0.000000      0.000000      0.000000      0.000000
 Numer      0.000000      0.000000      0.000000      0.000000      0.000000
            0.000000      0.000000      0.000000     -0.000273      0.000001
            0.000000      0.000000      0.000000      0.000000     -0.000005
           -0.000021      0.000216

     3      0.001946      9.893163      0.000000     -0.428293      0.000000
     Z      0.000000      0.000000      0.000000      0.000000      0.000000
 Anlyt      0.000000      0.000000      0.000000      0.000000      0.000000
            0.000000      0.000000      0.000000     -1.039531     -0.172672
            0.000000      0.000000      0.000000      0.000000     -0.027572
           -0.117717      0.456746

     3      0.001946      9.893163      0.000000     -0.428293      0.000000
     Z      0.000000      0.000000      0.000000      0.000000      0.000000
 Numer      0.000000      0.000000      0.000000      0.000000      0.000000
            0.000000      0.000000      0.000000     -1.039531     -0.172672
            0.000000      0.000000      0.000000      0.000000     -0.027572
           -0.117717      0.456746

     4      3.191346     13.790654      0.000000      0.000000      0.000000
     X      0.000000      0.000000      0.000000      0.000000      0.000000
 Anlyt      0.000000      0.000000      0.000000      0.000000      0.000000
            0.000000      0.000000      0.000000     -7.945581     -1.503209
            0.000000      0.000000      0.000000      0.000000     -1.353643
           -1.552523      7.971567

     4      3.191346     13.790654      0.000000      0.000000      0.000000
     X      0.000000      0.000000      0.000000      0.000000      0.000000
 Numer      0.000000      0.000000      0.000000      0.000000      0.000000
            0.000000      0.000000      0.000000     -7.945581     -1.503209
            0.000000      0.000000      0.000000      0.000000     -1.353643
           -1.552523      7.971567

     4      0.001982      0.008097      0.000000      0.000000      0.000000
     Y      0.000000      0.000000      0.000000      0.000000      0.000000
 Anlyt      0.000000      0.000000      0.000000      0.000000      0.000000
            0.000000      0.000000      0.000000      0.003134      0.000711
            0.000000      0.000000      0.000000      0.000000      0.001630
            0.001931     -0.006185

     4      0.001982      0.008097      0.000000      0.000000      0.000000
     Y      0.000000      0.000000      0.000000      0.000000      0.000000
 Numer      0.000000      0.000000      0.000000      0.000000      0.000000
            0.000000      0.000000      0.000000      0.003134      0.000711
            0.000000      0.000000      0.000000      0.000000      0.001630
            0.001931     -0.006185

     4     -0.900395     -3.890848      0.000000      0.000000      0.000000
     Z      0.000000      0.000000      0.000000      0.000000      0.000000
 Anlyt      0.000000      0.000000      0.000000      0.000000      0.000000
            0.000000      0.000000      0.000000     13.317449      2.687417
            0.000000      0.000000      0.000000      0.000000      3.825119
            4.474385    -17.676663

     4     -0.900396     -3.890848      0.000000      0.000000      0.000000
     Z      0.000000      0.000000      0.000000      0.000000      0.000000
 Numer      0.000000      0.000000      0.000000      0.000000      0.000000
            0.000000      0.000000      0.000000     13.317450      2.687417
            0.000000      0.000000      0.000000      0.000000      3.825119
            4.474385    -17.676663

     5     -1.597294     -6.890916      0.000000     -0.000501      0.000000
     X      0.000000      0.000000      0.000000      0.000000      0.000000
 Anlyt      0.000000      0.000000      0.000000      0.000000      0.000000
            0.000000      0.000000      0.000000      1.143277      0.193749
            0.000000      0.000000      0.000000      0.000000     -0.075636
           -0.149723      0.109183

     5     -1.597294     -6.890916      0.000000     -0.000501      0.000000
     X      0.000000      0.000000      0.000000      0.000000      0.000000
 Numer      0.000000      0.000000      0.000000      0.000000      0.000000
            0.000000      0.000000      0.000000      1.143277      0.193749
            0.000000      0.000000      0.000000      0.000000     -0.075636
           -0.149723      0.109183

     5      2.114694     -5.618542      0.000000      0.637338      0.000000
     Y      0.000000      0.000000      0.000000      0.000000      0.000000
 Anlyt      0.000000      0.000000      0.000000      0.000000      0.000000
            0.000000      0.000000      0.000000     -0.414219     -0.072101
            0.000000      0.000000      0.000000      0.000000      0.045589
            0.086405     -0.224893

     5      2.114694     -5.618542      0.000000      0.637338      0.000000
     Y      0.000000      0.000000      0.000000      0.000000      0.000000
 Numer      0.000000      0.000000      0.000000      0.000000      0.000000
            0.000000      0.000000      0.000000     -0.414219     -0.072101
            0.000000      0.000000      0.000000      0.000000      0.045589
            0.086405     -0.224893

     5      0.448696      1.949379      0.000000     -0.000449      0.000000
     Z      0.000000      0.000000      0.000000      0.000000      0.000000
 Anlyt      0.000000      0.000000      0.000000      0.000000      0.000000
            0.000000      0.000000      0.000000      0.698598      0.091573
            0.000000      0.000000      0.000000      0.000000      0.128725
            0.263448     -1.502984

     5      0.448696      1.949379      0.000000     -0.000449      0.000000
     Z      0.000000      0.000000      0.000000      0.000000      0.000000
 Numer      0.000000      0.000000      0.000000      0.000000      0.000000
            0.000000      0.000000      0.000000      0.698598      0.091573
            0.000000      0.000000      0.000000      0.000000      0.128725
            0.263448     -1.502984

     6     -1.594051     -6.899738      0.000000      0.000501      0.000000
     X      0.000000      0.000000      0.000000      0.000000      0.000000
 Anlyt      0.000000      0.000000      0.000000      0.000000      0.000000
            0.000000      0.000000      0.000000      1.142624      0.193635
            0.000000      0.000000      0.000000      0.000000     -0.075564
           -0.149588      0.108831

     6     -1.594051     -6.899738      0.000000      0.000501      0.000000
     X      0.000000      0.000000      0.000000      0.000000      0.000000
 Numer      0.000000      0.000000      0.000000      0.000000      0.000000
            0.000000      0.000000      0.000000      1.142624      0.193635
            0.000000      0.000000      0.000000      0.000000     -0.075564
           -0.149588      0.108831

     6     -2.116677      5.610445      0.000000     -0.637338      0.000000
     Y      0.000000      0.000000      0.000000      0.000000      0.000000
 Anlyt      0.000000      0.000000      0.000000      0.000000      0.000000
            0.000000      0.000000      0.000000      0.416999      0.072535
            0.000000      0.000000      0.000000      0.000000     -0.045527
           -0.086269      0.222947

     6     -2.116677      5.610445      0.000000     -0.637338      0.000000
     Y      0.000000      0.000000      0.000000      0.000000      0.000000
 Numer      0.000000      0.000000      0.000000      0.000000      0.000000
            0.000000      0.000000      0.000000      0.416999      0.072535
            0.000000      0.000000      0.000000      0.000000     -0.045527
           -0.086269      0.222947

     6      0.451699      1.941470      0.000000      0.000449      0.000000
     Z      0.000000      0.000000      0.000000      0.000000      0.000000
 Anlyt      0.000000      0.000000      0.000000      0.000000      0.000000
            0.000000      0.000000      0.000000      0.698015      0.091471
            0.000000      0.000000      0.000000      0.000000      0.128789
            0.263570     -1.503299

     6      0.451699      1.941470      0.000000      0.000449      0.000000
     Z      0.000000      0.000000      0.000000      0.000000      0.000000
 Numer      0.000000      0.000000      0.000000      0.000000      0.000000
            0.000000      0.000000      0.000000      0.698015      0.091471
            0.000000      0.000000      0.000000      0.000000      0.128789
            0.263570     -1.503299

 Cartesian Gradient Breakdown over Individual Atoms :

  Type      Atom           dE/dX         dE/dY         dE/dZ           Norm

 Anlyt         1        -7.398325     -0.017576    -16.703936       18.269017
 Numer         1        -7.398325     -0.017576    -16.703936       18.269017
 Anlyt         2         8.425834      0.008137      2.152250        8.696374
 Numer         2         8.425834      0.008137      2.152250        8.696374
 Anlyt         3         0.915092      0.006752      8.566071        8.614813
 Numer         3         0.915092      0.006752      8.566071        8.614813
 Anlyt         4        12.598611      0.011301      1.836465       12.731761
 Numer         4        12.598611      0.011301      1.836466       12.731761
 Anlyt         5        -7.267861     -3.445729      2.076987        8.307149
 Numer         5        -7.267861     -3.445730      2.076987        8.307149
 Anlyt         6        -7.273351      3.437116      2.072164        8.307182
 Numer         6        -7.273351      3.437116      2.072164        8.307182

 Total Gradient Norm and RMS Gradient per Atom :

 Anlyt      Total Gradient Norm Value               27.994904
 Numer      Total Gradient Norm Value               27.994904

 Anlyt      RMS Gradient over All Atoms             11.428872
 Numer      RMS Gradient over All Atoms             11.428872

